// Jest Snapshot v1, https://goo.gl/fbAQLP

exports[`should render completed Todonew: <del> 1`] = `
<div
  data-testid="todo-2"
>
  <del>
    <h6>
      wash pillow
    </h6>
  </del>
</div>
`;
